// Jest Snapshot v1, https://goo.gl/fbAQLP

exports[`renders correctly 1`] = `"<circle cx=\\"1\\" cy=\\"2\\" r=\\"3\\" id=\\"circle-1\\" class=\\"circle\\"></circle>"`;
